// Jest Snapshot v1, https://goo.gl/fbAQLP

exports[`CourseShow should render correct markup when prop is correct 1`] = `
<v-card-stub
  flat="true"
  loaderheight="4"
  tag="div"
>
  <table>
    <tr>
      <th>
        number
      </th>
       
      <td>
        <!---->
      </td>
    </tr>
     
    <tr>
      <th>
        suggestion
      </th>
       
      <td>
        <span>
          
            suggestion en
          
        </span>
      </td>
    </tr>
     
    <tr>
      <th>
        requirement
      </th>
       
      <td>
        <span>
          
            requirement en
          
        </span>
      </td>
    </tr>
     
    <tr>
      <th>
        requirement
      </th>
       
      <td>
        <!---->
      </td>
    </tr>
     
    <tr>
      <th>
        related
      </th>
       
      <td>
        <!---->
      </td>
    </tr>
     
    <tr>
      <th>
        classroom
      </th>
       
      <td>
        <span>
          
          classroom
        
        </span>
      </td>
    </tr>
     
    <tr>
      <th>
        types
      </th>
       
      <td>
        <!---->
      </td>
    </tr>
     
    <tr>
      <th>
        GIGA
      </th>
       
      <td>
        <span>
          
          true
        
        </span>
      </td>
    </tr>
     
    <tr>
      <th>
        curriculumCode
      </th>
       
      <td>
        <span>
          
          curriculumCode
        
        </span>
      </td>
    </tr>
  </table>
</v-card-stub>
`;
