// Jest Snapshot v1, https://goo.gl/fbAQLP

exports[`CourseIndex should render correct markup when prop is correct 1`] = `
<div>
  <div
    class="d-flex flex-row-reverse pt-3 pr-3"
  >
    <setting-button-stub />
     
    <account-button-stub />
  </div>
   
  <div
    class="mx-auto text-center"
  >
    <coursum-logo-stub />
     
    <search-input-stub />
  </div>
   
  <div
    class="mx-0 my-6"
  >
    <div
      class="d-flex flex-wrap justify-space-around px-3"
    >
      <course-show-stub
        coursedata="[object Object]"
        haswidth="true"
        showsummary="true"
        texttruncate="true"
      />
      <course-show-stub
        haswidth="true"
        showsummary="true"
        texttruncate="true"
      />
      <course-show-stub
        haswidth="true"
        showsummary="true"
        texttruncate="true"
      />
      <course-show-stub
        haswidth="true"
        showsummary="true"
        texttruncate="true"
      />
      <course-show-stub
        haswidth="true"
        showsummary="true"
        texttruncate="true"
      />
      <course-show-stub
        haswidth="true"
        showsummary="true"
        texttruncate="true"
      />
      <course-show-stub
        haswidth="true"
        showsummary="true"
        texttruncate="true"
      />
      <course-show-stub
        haswidth="true"
        showsummary="true"
        texttruncate="true"
      />
      <course-show-stub
        haswidth="true"
        showsummary="true"
        texttruncate="true"
      />
      <course-show-stub
        haswidth="true"
        showsummary="true"
        texttruncate="true"
      />
      <course-show-stub
        haswidth="true"
        showsummary="true"
        texttruncate="true"
      />
      <course-show-stub
        haswidth="true"
        showsummary="true"
        texttruncate="true"
      />
    </div>
     
    <div
      class="mx-auto my-6"
      style="max-width: 70%;"
    >
      <v-pagination-stub
        class="mb-12"
        currentpagearialabel="$vuetify.pagination.ariaLabel.currentPage"
        length="1"
        nextarialabel="$vuetify.pagination.ariaLabel.next"
        nexticon="$next"
        pagearialabel="$vuetify.pagination.ariaLabel.page"
        previcon="$prev"
        previousarialabel="$vuetify.pagination.ariaLabel.previous"
        value="1"
        wrapperarialabel="$vuetify.pagination.ariaLabel.wrapper"
      />
    </div>
  </div>
</div>
`;
