// Jest Snapshot v1, https://goo.gl/fbAQLP

exports[`DLectures should not render anything when prop is falsy 1`] = `<!---->`;

exports[`DLectures should render correct markup when prop is correct 1`] = `
<span
  class="text-truncate"
>
  <span
    class="mr-2"
  >
    
      name en
    
  </span>
</span>
`;
