// Jest Snapshot v1, https://goo.gl/fbAQLP

exports[`DScheduleSemester should not render anything when prop is falsy 1`] = `<!---->`;

exports[`DScheduleSemester should not render anything when prop is falsy 2`] = `<!---->`;

exports[`DScheduleSemester should not render anything when prop is falsy 3`] = `<!---->`;

exports[`DScheduleSemester should render correct markup when prop is correct 1`] = `
<v-chip-stub
  active="true"
  activeclass=""
  closeicon="$delete"
  filtericon="$complete"
  outlined="true"
  style="color: rgb(146, 146, 146);"
  tag="span"
  xsmall="true"
>
  
  semester en

</v-chip-stub>
`;
